hello, world!
foo%bar
c:@:
foo-bar-baz
cold start = $fce2
tape buffer = $33c
asc('(') = $28 asc(CR) = $d
12345 = 12345 ; ten = 10 ; two = 2 ; zero = 0
12345: '    12345' ten: ' 10' two: ' 2' zero: '    0'
-12345: '   -12345' -10: ' -10' -2: ' -2' -1: '   -1'
12345: '000012345' ten: '010' two: '02' zero: '00000'
-00012345: '-00012345' -010: '-010' -02: '-02' -0001: '-0001'
0x8000 = 32768 = -32768
No assert failed.
