
#pragma cc64 0xFD 0xFB 0x801 0x840 0x9D7 0x9FEE 0xA000 libtest

extern int a[] *= 0x9FF0 ;
extern char f() *= 0x9D1 ;
extern int i *= 0x9FFE ;
extern char *p *= 0x9FFA ;
extern int x *= 0x9FFC ;
extern int up *= 0xFB ;
