0: i is something else.
1: i is one.
2: i is something else.
3: i is three.
3: i is three or seven.
4: i is something else.
5: i is something else.
6: i is something else.
7: i is three or seven.
8: i is eight.
9: i is something else.
No assert failed.
